

Microchip MPLAB XC8 Assembler V3.10 build 20250813170317 
                                                                                               Tue Sep 29 23:24:40 2026

Microchip MPLAB XC8 C Compiler v3.10 (Free license) build 20250813170317 Og1 
     1                           	processor	18F46K22
     2                           	fnconf	rparam,??,?,0
     3                           	pagewidth 120
     4                           	opt	flic
     5                           	psect	cinit,global,reloc=2,class=CODE,space=0,delta=1
     6                           	psect	cstackCOMRAM,global,class=COMRAM,space=1,delta=1,lowdata,noexec
     7                           	psect	text0,global,reloc=2,class=CODE,space=0,delta=1
     8                           	psect	smallconst,global,reloc=2,class=SMALLCONST,space=0,delta=1,noexec
     9                           	psect	intsave_regs,global,class=BIGRAM,space=1,delta=1,noexec
    10                           	psect	rparam,global,class=COMRAM,space=1,delta=1,noexec
    11                           	psect	config,global,abs,ovrld,class=CONFIG,space=4,delta=1,noexec
    12   000000                     
    13                           ; Generated 24/03/2025 GMT
    14                           ; 
    15                           ; Copyright © 2025, Microchip Technology Inc. and its subsidiaries ("Microchip")
    16                           ; All rights reserved.
    17                           ; 
    18                           ; This software is developed by Microchip Technology Inc. and its subsidiaries ("Microch
      +                          ip").
    19                           ; 
    20                           ; Redistribution and use in source and binary forms, with or without modification, are
    21                           ; permitted provided that the following conditions are met:
    22                           ; 
    23                           ;     1. Redistributions of source code must retain the above copyright notice, this lis
      +                          t of
    24                           ;        conditions and the following disclaimer.
    25                           ; 
    26                           ;     2. Redistributions in binary form must reproduce the above copyright notice, this 
      +                          list
    27                           ;        of conditions and the following disclaimer in the documentation and/or other
    28                           ;        materials provided with the distribution. Publication is not required when
    29                           ;        this file is used in an embedded application.
    30                           ; 
    31                           ;     3. Microchip's name may not be used to endorse or promote products derived from th
      +                          is
    32                           ;        software without specific prior written permission.
    33                           ; 
    34                           ; THIS SOFTWARE IS PROVIDED BY MICROCHIP "AS IS" AND ANY EXPRESS OR IMPLIED WARRANTIES,
    35                           ; INCLUDING, BUT NOT LIMITED TO, THE IMPLIED WARRANTIES OF MERCHANTABILITY AND FITNESS F
      +                          OR
    36                           ; PURPOSE ARE DISCLAIMED.  IN NO EVENT SHALL MICROCHIP BE LIABLE FOR ANY DIRECT, INDIREC
      +                          T,
    37                           ; INCIDENTAL, SPECIAL, EXEMPLARY, OR CONSEQUENTIAL DAMAGES (INCLUDING BUT NOT LIMITED TO
    38                           ; PROCUREMENT OF SUBSTITUTE GOODS OR SERVICES; LOSS OF USE, DATA OR PROFITS; OR BUSINESS
    39                           ; INTERRUPTION) HOWSOEVER CAUSED AND ON ANY THEORY OF LIABILITY, WHETHER IN CONTRACT, ST
      +                          RICT
    40                           ; LIABILITY, OR TORT (INCLUDING NEGLIGENCE OR OTHERWISE) ARISING IN ANY WAY OUT OF THE U
      +                          SE OF
    41                           ; THIS SOFTWARE, EVEN IF ADVISED OF THE POSSIBILITY OF SUCH DAMAGE.
    42                           ; 
    43                           ; 
    44                           ; Code-generator required, PIC18F46K22 Definitions
    45                           ; 
    46                           ; SFR Addresses
    47   000FE0                     bsr             equ	4064
    48   000FE9                     fsr0            equ	4073
    49   000FEA                     fsr0h           equ	4074
    50   000FE9                     fsr0l           equ	4073
    51   000FE1                     fsr1            equ	4065
    52   000FE2                     fsr1h           equ	4066
    53   000FE1                     fsr1l           equ	4065
    54   000FD9                     fsr2            equ	4057
    55   000FDA                     fsr2h           equ	4058
    56   000FD9                     fsr2l           equ	4057
    57   000FEF                     indf0           equ	4079
    58   000FE7                     indf1           equ	4071
    59   000FDF                     indf2           equ	4063
    60   000FF2                     intcon          equ	4082
    61   000000                     nvmcon          equ	0
    62   000FF9                     pcl             equ	4089
    63   000FFA                     pclath          equ	4090
    64   000FFB                     pclatu          equ	4091
    65   000FEB                     plusw0          equ	4075
    66   000FE3                     plusw1          equ	4067
    67   000FDB                     plusw2          equ	4059
    68   000FED                     postdec0        equ	4077
    69   000FE5                     postdec1        equ	4069
    70   000FDD                     postdec2        equ	4061
    71   000FEE                     postinc0        equ	4078
    72   000FE6                     postinc1        equ	4070
    73   000FDE                     postinc2        equ	4062
    74   000FEC                     preinc0         equ	4076
    75   000FE4                     preinc1         equ	4068
    76   000FDC                     preinc2         equ	4060
    77   000FF3                     prod            equ	4083
    78   000FF4                     prodh           equ	4084
    79   000FF3                     prodl           equ	4083
    80   000FD8                     status          equ	4056
    81   000FF5                     tablat          equ	4085
    82   000FF6                     tblptr          equ	4086
    83   000FF7                     tblptrh         equ	4087
    84   000FF6                     tblptrl         equ	4086
    85   000FF8                     tblptru         equ	4088
    86   000FFD                     tosl            equ	4093
    87   000FE8                     wreg            equ	4072
    88   000F38                     ANSELA          equ	3896	;# 
    89   000F39                     ANSELB          equ	3897	;# 
    90   000F3A                     ANSELC          equ	3898	;# 
    91   000F3B                     ANSELD          equ	3899	;# 
    92   000F3C                     ANSELE          equ	3900	;# 
    93   000F3D                     PMD2            equ	3901	;# 
    94   000F3E                     PMD1            equ	3902	;# 
    95   000F3F                     PMD0            equ	3903	;# 
    96   000F40                     VREFCON2        equ	3904	;# 
    97   000F40                     DACCON1         equ	3904	;# 
    98   000F41                     VREFCON1        equ	3905	;# 
    99   000F41                     DACCON0         equ	3905	;# 
   100   000F42                     VREFCON0        equ	3906	;# 
   101   000F42                     FVRCON          equ	3906	;# 
   102   000F43                     CTMUICON        equ	3907	;# 
   103   000F43                     CTMUICONH       equ	3907	;# 
   104   000F44                     CTMUCONL        equ	3908	;# 
   105   000F44                     CTMUCON1        equ	3908	;# 
   106   000F45                     CTMUCONH        equ	3909	;# 
   107   000F45                     CTMUCON0        equ	3909	;# 
   108   000F46                     SRCON1          equ	3910	;# 
   109   000F47                     SRCON0          equ	3911	;# 
   110   000F48                     CCPTMRS1        equ	3912	;# 
   111   000F49                     CCPTMRS0        equ	3913	;# 
   112   000F4A                     T6CON           equ	3914	;# 
   113   000F4B                     PR6             equ	3915	;# 
   114   000F4C                     TMR6            equ	3916	;# 
   115   000F4D                     T5GCON          equ	3917	;# 
   116   000F4E                     T5CON           equ	3918	;# 
   117   000F4F                     TMR5            equ	3919	;# 
   118   000F4F                     TMR5L           equ	3919	;# 
   119   000F50                     TMR5H           equ	3920	;# 
   120   000F51                     T4CON           equ	3921	;# 
   121   000F52                     PR4             equ	3922	;# 
   122   000F53                     TMR4            equ	3923	;# 
   123   000F54                     CCP5CON         equ	3924	;# 
   124   000F55                     CCPR5           equ	3925	;# 
   125   000F55                     CCPR5L          equ	3925	;# 
   126   000F56                     CCPR5H          equ	3926	;# 
   127   000F57                     CCP4CON         equ	3927	;# 
   128   000F58                     CCPR4           equ	3928	;# 
   129   000F58                     CCPR4L          equ	3928	;# 
   130   000F59                     CCPR4H          equ	3929	;# 
   131   000F5A                     PSTR3CON        equ	3930	;# 
   132   000F5B                     ECCP3AS         equ	3931	;# 
   133   000F5B                     CCP3AS          equ	3931	;# 
   134   000F5C                     PWM3CON         equ	3932	;# 
   135   000F5D                     CCP3CON         equ	3933	;# 
   136   000F5E                     CCPR3           equ	3934	;# 
   137   000F5E                     CCPR3L          equ	3934	;# 
   138   000F5F                     CCPR3H          equ	3935	;# 
   139   000F60                     SLRCON          equ	3936	;# 
   140   000F61                     WPUB            equ	3937	;# 
   141   000F62                     IOCB            equ	3938	;# 
   142   000F63                     PSTR2CON        equ	3939	;# 
   143   000F64                     ECCP2AS         equ	3940	;# 
   144   000F64                     CCP2AS          equ	3940	;# 
   145   000F65                     PWM2CON         equ	3941	;# 
   146   000F66                     CCP2CON         equ	3942	;# 
   147   000F67                     CCPR2           equ	3943	;# 
   148   000F67                     CCPR2L          equ	3943	;# 
   149   000F68                     CCPR2H          equ	3944	;# 
   150   000F69                     SSP2CON3        equ	3945	;# 
   151   000F6A                     SSP2MSK         equ	3946	;# 
   152   000F6B                     SSP2CON2        equ	3947	;# 
   153   000F6C                     SSP2CON1        equ	3948	;# 
   154   000F6D                     SSP2STAT        equ	3949	;# 
   155   000F6E                     SSP2ADD         equ	3950	;# 
   156   000F6F                     SSP2BUF         equ	3951	;# 
   157   000F70                     BAUDCON2        equ	3952	;# 
   158   000F70                     BAUD2CON        equ	3952	;# 
   159   000F71                     RCSTA2          equ	3953	;# 
   160   000F71                     RC2STA          equ	3953	;# 
   161   000F72                     TXSTA2          equ	3954	;# 
   162   000F72                     TX2STA          equ	3954	;# 
   163   000F73                     TXREG2          equ	3955	;# 
   164   000F73                     TX2REG          equ	3955	;# 
   165   000F74                     RCREG2          equ	3956	;# 
   166   000F74                     RC2REG          equ	3956	;# 
   167   000F75                     SPBRG2          equ	3957	;# 
   168   000F75                     SP2BRG          equ	3957	;# 
   169   000F76                     SPBRGH2         equ	3958	;# 
   170   000F76                     SP2BRGH         equ	3958	;# 
   171   000F77                     CM2CON1         equ	3959	;# 
   172   000F77                     CM12CON         equ	3959	;# 
   173   000F78                     CM2CON0         equ	3960	;# 
   174   000F78                     CM2CON          equ	3960	;# 
   175   000F79                     CM1CON0         equ	3961	;# 
   176   000F79                     CM1CON          equ	3961	;# 
   177   000F7A                     PIE4            equ	3962	;# 
   178   000F7B                     PIR4            equ	3963	;# 
   179   000F7C                     IPR4            equ	3964	;# 
   180   000F7D                     PIE5            equ	3965	;# 
   181   000F7E                     PIR5            equ	3966	;# 
   182   000F7F                     IPR5            equ	3967	;# 
   183   000F80                     PORTA           equ	3968	;# 
   184   000F81                     PORTB           equ	3969	;# 
   185   000F82                     PORTC           equ	3970	;# 
   186   000F83                     PORTD           equ	3971	;# 
   187   000F84                     PORTE           equ	3972	;# 
   188   000F89                     LATA            equ	3977	;# 
   189   000F8A                     LATB            equ	3978	;# 
   190   000F8B                     LATC            equ	3979	;# 
   191   000F8C                     LATD            equ	3980	;# 
   192   000F8D                     LATE            equ	3981	;# 
   193   000F92                     TRISA           equ	3986	;# 
   194   000F92                     DDRA            equ	3986	;# 
   195   000F93                     TRISB           equ	3987	;# 
   196   000F93                     DDRB            equ	3987	;# 
   197   000F94                     TRISC           equ	3988	;# 
   198   000F94                     DDRC            equ	3988	;# 
   199   000F95                     TRISD           equ	3989	;# 
   200   000F95                     DDRD            equ	3989	;# 
   201   000F96                     TRISE           equ	3990	;# 
   202   000F96                     DDRE            equ	3990	;# 
   203   000F9B                     OSCTUNE         equ	3995	;# 
   204   000F9C                     HLVDCON         equ	3996	;# 
   205   000F9C                     LVDCON          equ	3996	;# 
   206   000F9D                     PIE1            equ	3997	;# 
   207   000F9E                     PIR1            equ	3998	;# 
   208   000F9F                     IPR1            equ	3999	;# 
   209   000FA0                     PIE2            equ	4000	;# 
   210   000FA1                     PIR2            equ	4001	;# 
   211   000FA2                     IPR2            equ	4002	;# 
   212   000FA3                     PIE3            equ	4003	;# 
   213   000FA4                     PIR3            equ	4004	;# 
   214   000FA5                     IPR3            equ	4005	;# 
   215   000FA6                     EECON1          equ	4006	;# 
   216   000FA7                     EECON2          equ	4007	;# 
   217   000FA8                     EEDATA          equ	4008	;# 
   218   000FA9                     EEADR           equ	4009	;# 
   219   000FAA                     EEADRH          equ	4010	;# 
   220   000FAB                     RCSTA1          equ	4011	;# 
   221   000FAB                     RCSTA           equ	4011	;# 
   222   000FAB                     RC1STA          equ	4011	;# 
   223   000FAC                     TXSTA1          equ	4012	;# 
   224   000FAC                     TXSTA           equ	4012	;# 
   225   000FAC                     TX1STA          equ	4012	;# 
   226   000FAD                     TXREG1          equ	4013	;# 
   227   000FAD                     TXREG           equ	4013	;# 
   228   000FAD                     TX1REG          equ	4013	;# 
   229   000FAE                     RCREG1          equ	4014	;# 
   230   000FAE                     RCREG           equ	4014	;# 
   231   000FAE                     RC1REG          equ	4014	;# 
   232   000FAF                     SPBRG1          equ	4015	;# 
   233   000FAF                     SPBRG           equ	4015	;# 
   234   000FAF                     SP1BRG          equ	4015	;# 
   235   000FB0                     SPBRGH1         equ	4016	;# 
   236   000FB0                     SPBRGH          equ	4016	;# 
   237   000FB0                     SP1BRGH         equ	4016	;# 
   238   000FB1                     T3CON           equ	4017	;# 
   239   000FB2                     TMR3            equ	4018	;# 
   240   000FB2                     TMR3L           equ	4018	;# 
   241   000FB3                     TMR3H           equ	4019	;# 
   242   000FB4                     T3GCON          equ	4020	;# 
   243   000FB6                     ECCP1AS         equ	4022	;# 
   244   000FB6                     ECCPAS          equ	4022	;# 
   245   000FB7                     PWM1CON         equ	4023	;# 
   246   000FB7                     PWMCON          equ	4023	;# 
   247   000FB8                     BAUDCON1        equ	4024	;# 
   248   000FB8                     BAUDCON         equ	4024	;# 
   249   000FB8                     BAUDCTL         equ	4024	;# 
   250   000FB8                     BAUD1CON        equ	4024	;# 
   251   000FB9                     PSTR1CON        equ	4025	;# 
   252   000FB9                     PSTRCON         equ	4025	;# 
   253   000FBA                     T2CON           equ	4026	;# 
   254   000FBB                     PR2             equ	4027	;# 
   255   000FBC                     TMR2            equ	4028	;# 
   256   000FBD                     CCP1CON         equ	4029	;# 
   257   000FBE                     CCPR1           equ	4030	;# 
   258   000FBE                     CCPR1L          equ	4030	;# 
   259   000FBF                     CCPR1H          equ	4031	;# 
   260   000FC0                     ADCON2          equ	4032	;# 
   261   000FC1                     ADCON1          equ	4033	;# 
   262   000FC2                     ADCON0          equ	4034	;# 
   263   000FC3                     ADRES           equ	4035	;# 
   264   000FC3                     ADRESL          equ	4035	;# 
   265   000FC4                     ADRESH          equ	4036	;# 
   266   000FC5                     SSP1CON2        equ	4037	;# 
   267   000FC5                     SSPCON2         equ	4037	;# 
   268   000FC6                     SSP1CON1        equ	4038	;# 
   269   000FC6                     SSPCON1         equ	4038	;# 
   270   000FC7                     SSP1STAT        equ	4039	;# 
   271   000FC7                     SSPSTAT         equ	4039	;# 
   272   000FC8                     SSP1ADD         equ	4040	;# 
   273   000FC8                     SSPADD          equ	4040	;# 
   274   000FC9                     SSP1BUF         equ	4041	;# 
   275   000FC9                     SSPBUF          equ	4041	;# 
   276   000FCA                     SSP1MSK         equ	4042	;# 
   277   000FCA                     SSPMSK          equ	4042	;# 
   278   000FCB                     SSP1CON3        equ	4043	;# 
   279   000FCB                     SSPCON3         equ	4043	;# 
   280   000FCC                     T1GCON          equ	4044	;# 
   281   000FCD                     T1CON           equ	4045	;# 
   282   000FCE                     TMR1            equ	4046	;# 
   283   000FCE                     TMR1L           equ	4046	;# 
   284   000FCF                     TMR1H           equ	4047	;# 
   285   000FD0                     RCON            equ	4048	;# 
   286   000FD1                     WDTCON          equ	4049	;# 
   287   000FD2                     OSCCON2         equ	4050	;# 
   288   000FD3                     OSCCON          equ	4051	;# 
   289   000FD5                     T0CON           equ	4053	;# 
   290   000FD6                     TMR0            equ	4054	;# 
   291   000FD6                     TMR0L           equ	4054	;# 
   292   000FD7                     TMR0H           equ	4055	;# 
   293   000FD8                     STATUS          equ	4056	;# 
   294   000FD9                     FSR2            equ	4057	;# 
   295   000FD9                     FSR2L           equ	4057	;# 
   296   000FDA                     FSR2H           equ	4058	;# 
   297   000FDB                     PLUSW2          equ	4059	;# 
   298   000FDC                     PREINC2         equ	4060	;# 
   299   000FDD                     POSTDEC2        equ	4061	;# 
   300   000FDE                     POSTINC2        equ	4062	;# 
   301   000FDF                     INDF2           equ	4063	;# 
   302   000FE0                     BSR             equ	4064	;# 
   303   000FE1                     FSR1            equ	4065	;# 
   304   000FE1                     FSR1L           equ	4065	;# 
   305   000FE2                     FSR1H           equ	4066	;# 
   306   000FE3                     PLUSW1          equ	4067	;# 
   307   000FE4                     PREINC1         equ	4068	;# 
   308   000FE5                     POSTDEC1        equ	4069	;# 
   309   000FE6                     POSTINC1        equ	4070	;# 
   310   000FE7                     INDF1           equ	4071	;# 
   311   000FE8                     WREG            equ	4072	;# 
   312   000FE9                     FSR0            equ	4073	;# 
   313   000FE9                     FSR0L           equ	4073	;# 
   314   000FEA                     FSR0H           equ	4074	;# 
   315   000FEB                     PLUSW0          equ	4075	;# 
   316   000FEC                     PREINC0         equ	4076	;# 
   317   000FED                     POSTDEC0        equ	4077	;# 
   318   000FEE                     POSTINC0        equ	4078	;# 
   319   000FEF                     INDF0           equ	4079	;# 
   320   000FF0                     INTCON3         equ	4080	;# 
   321   000FF1                     INTCON2         equ	4081	;# 
   322   000FF2                     INTCON          equ	4082	;# 
   323   000FF3                     PROD            equ	4083	;# 
   324   000FF3                     PRODL           equ	4083	;# 
   325   000FF4                     PRODH           equ	4084	;# 
   326   000FF5                     TABLAT          equ	4085	;# 
   327   000FF6                     TBLPTR          equ	4086	;# 
   328   000FF6                     TBLPTRL         equ	4086	;# 
   329   000FF7                     TBLPTRH         equ	4087	;# 
   330   000FF8                     TBLPTRU         equ	4088	;# 
   331   000FF9                     PCLAT           equ	4089	;# 
   332   000FF9                     PC              equ	4089	;# 
   333   000FF9                     PCL             equ	4089	;# 
   334   000FFA                     PCLATH          equ	4090	;# 
   335   000FFB                     PCLATU          equ	4091	;# 
   336   000FFC                     STKPTR          equ	4092	;# 
   337   000FFD                     TOS             equ	4093	;# 
   338   000FFD                     TOSL            equ	4093	;# 
   339   000FFE                     TOSH            equ	4094	;# 
   340   000FFF                     TOSU            equ	4095	;# 
   341   000F3B                     _ANSELD         set	3899
   342   000F39                     _ANSELB         set	3897
   343   000FF2                     _INTCONbits     set	4082
   344   000FD6                     _TMR0L          set	4054
   345   000FD7                     _TMR0H          set	4055
   346   000FD5                     _T0CONbits      set	4053
   347   000F8A                     _LATB           set	3978
   348   000F8C                     _LATD           set	3980
   349   000F95                     _TRISD          set	3989
   350   000F93                     _TRISB          set	3987
   351   000FD3                     _OSCCONbits     set	4051
   352                           
   353                           ; #config settings
   354                           
   355                           	psect	cinit
   356   00114E                     __pcinit:
   357                           	callstack 0
   358   00114E                     start_initialization:
   359                           	callstack 0
   360   00114E                     __initialization:
   361                           	callstack 0
   362   00114E                     end_of_initialization:
   363                           	callstack 0
   364   00114E                     __end_of__initialization:
   365                           	callstack 0
   366   00114E  0100               	movlb	0
   367   001150  EF01  F008         	goto	_main	;jump to C main() function
   368                           
   369                           	psect	cstackCOMRAM
   370   000001                     __pcstackCOMRAM:
   371                           	callstack 0
   372   000001                     main@count:
   373                           	callstack 0
   374   000001                     
   375                           ; 1 bytes @ 0x0
   376   000001                     	ds	2
   377   000003                     main@state:
   378                           	callstack 0
   379                           
   380                           ; 1 bytes @ 0x2
   381   000003                     	ds	1
   382                           
   383 ;;
   384 ;;Main: autosize = 0, tempsize = 0, incstack = 0, save=0
   385 ;;
   386 ;; *************** function _main *****************
   387 ;; Defined at:
   388 ;;		line 4 in file "main.c"
   389 ;; Parameters:    Size  Location     Type
   390 ;;		None
   391 ;; Auto vars:     Size  Location     Type
   392 ;;  count           2    0[COMRAM] unsigned int 
   393 ;;  state           1    2[COMRAM] unsigned char 
   394 ;; Return value:  Size  Location     Type
   395 ;;                  1    wreg      void 
   396 ;; Registers used:
   397 ;;		wreg, status,2, status,0
   398 ;; Tracked objects:
   399 ;;		On entry : 0/0
   400 ;;		On exit  : 0/0
   401 ;;		Unchanged: 0/0
   402 ;; Data sizes:     COMRAM   BANK0   BANK1   BANK2   BANK3   BANK4   BANK5   BANK6   BANK7   BANK8   BANK9  BANK10  BANK1
      +1  BANK12  BANK13  BANK14  BANK15
   403 ;;      Params:         0       0       0       0       0       0       0       0       0       0       0       0       
      +0       0       0       0       0
   404 ;;      Locals:         3       0       0       0       0       0       0       0       0       0       0       0       
      +0       0       0       0       0
   405 ;;      Temps:          0       0       0       0       0       0       0       0       0       0       0       0       
      +0       0       0       0       0
   406 ;;      Totals:         3       0       0       0       0       0       0       0       0       0       0       0       
      +0       0       0       0       0
   407 ;;Total ram usage:        3 bytes
   408 ;; This function calls:
   409 ;;		Nothing
   410 ;; This function is called by:
   411 ;;		Startup code after reset
   412 ;; This function uses a non-reentrant model
   413 ;;
   414                           
   415                           	psect	text0
   416   001002                     __ptext0:
   417                           	callstack 0
   418   001002                     _main:
   419                           	callstack 31
   420   001002                     
   421                           ;main.c: 6:     unsigned int count = 0;
   422   001002  6A02               	clrf	(main@count+1)^0,c
   423   001004  0E00               	movlw	0
   424   001006  6E01               	movwf	main@count^0,c
   425   001008                     
   426                           ;main.c: 7:     unsigned char state = 0;
   427   001008  6A03               	clrf	main@state^0,c
   428                           
   429                           ;main.c: 9:     OSCCONbits.IRCF = 0b111;
   430   00100A  0E70               	movlw	112
   431   00100C  12D3               	iorwf	211,f,c	;volatile
   432                           
   433                           ;main.c: 10:     OSCCONbits.SCS = 0b10;
   434   00100E  50D3               	movf	211,w,c	;volatile
   435   001010  0BFC               	andlw	-4
   436   001012  0902               	iorlw	2
   437   001014  6ED3               	movwf	211,c	;volatile
   438   001016                     
   439                           ;main.c: 12:     ANSELB = 0x00;
   440   001016  010F               	movlb	15	; () banked
   441   001018  6B39               	clrf	57,b	;volatile
   442   00101A                     
   443                           ; BSR set to: 15
   444                           ;main.c: 13:     ANSELD = 0x00;
   445   00101A  6B3B               	clrf	59,b	;volatile
   446   00101C                     
   447                           ; BSR set to: 15
   448                           ;main.c: 15:     TRISB = 0x00;
   449   00101C  6A93               	clrf	147,c	;volatile
   450   00101E                     
   451                           ; BSR set to: 15
   452                           ;main.c: 16:     TRISD = 0x00;
   453   00101E  6A95               	clrf	149,c	;volatile
   454                           
   455                           ;main.c: 19:     LATD = 0x09;
   456   001020  0E09               	movlw	9
   457   001022  6E8C               	movwf	140,c	;volatile
   458                           
   459                           ;main.c: 20:     LATB = 0x24;
   460   001024  0E24               	movlw	36
   461   001026  6E8A               	movwf	138,c	;volatile
   462   001028                     
   463                           ; BSR set to: 15
   464                           ;main.c: 22:     T0CONbits.TMR0ON = 0;
   465   001028  9ED5               	bcf	213,7,c	;volatile
   466   00102A                     
   467                           ; BSR set to: 15
   468                           ;main.c: 23:     T0CONbits.T08BIT = 0;
   469   00102A  9CD5               	bcf	213,6,c	;volatile
   470   00102C                     
   471                           ; BSR set to: 15
   472                           ;main.c: 24:     T0CONbits.T0CS = 0;
   473   00102C  9AD5               	bcf	213,5,c	;volatile
   474   00102E                     
   475                           ; BSR set to: 15
   476                           ;main.c: 25:     T0CONbits.PSA = 0;
   477   00102E  96D5               	bcf	213,3,c	;volatile
   478                           
   479                           ;main.c: 26:     T0CONbits.T0PS = 0b010;
   480   001030  50D5               	movf	213,w,c	;volatile
   481   001032  0BF8               	andlw	-8
   482   001034  0902               	iorlw	2
   483   001036  6ED5               	movwf	213,c	;volatile
   484                           
   485                           ;main.c: 28:     TMR0H = 0x3C;
   486   001038  0E3C               	movlw	60
   487   00103A  6ED7               	movwf	215,c	;volatile
   488                           
   489                           ;main.c: 29:     TMR0L = 0xB0;
   490   00103C  0EB0               	movlw	176
   491   00103E  6ED6               	movwf	214,c	;volatile
   492   001040                     
   493                           ; BSR set to: 15
   494                           ;main.c: 32:     INTCONbits.TMR0IF = 0;
   495   001040  94F2               	bcf	242,2,c	;volatile
   496   001042                     
   497                           ; BSR set to: 15
   498                           ;main.c: 34:     T0CONbits.TMR0ON = 1;
   499   001042  8ED5               	bsf	213,7,c	;volatile
   500   001044                     l848:
   501                           
   502                           ;main.c: 37:     {;main.c: 39:         if(INTCONbits.TMR0IF == 1)
   503   001044  A4F2               	btfss	242,2,c	;volatile
   504   001046  EF27  F008         	goto	u11
   505   00104A  EF29  F008         	goto	u10
   506   00104E                     u11:
   507   00104E  EF22  F008         	goto	l848
   508   001052                     u10:
   509   001052                     
   510                           ;main.c: 40:         {;main.c: 41:             INTCONbits.TMR0IF = 0;
   511   001052  94F2               	bcf	242,2,c	;volatile
   512   001054                     
   513                           ;main.c: 43:             TMR0H = 0x3C;
   514   001054  0E3C               	movlw	60
   515   001056  6ED7               	movwf	215,c	;volatile
   516                           
   517                           ;main.c: 44:             TMR0L = 0xB0;
   518   001058  0EB0               	movlw	176
   519   00105A  6ED6               	movwf	214,c	;volatile
   520   00105C                     
   521                           ;main.c: 46:             count++;
   522   00105C  4A01               	infsnz	main@count^0,f,c
   523   00105E  2A02               	incf	(main@count+1)^0,f,c
   524   001060                     
   525                           ;main.c: 49:             if(state == 0 && count == 60)
   526   001060  5003               	movf	main@state^0,w,c
   527   001062  A4D8               	btfss	status,2,c
   528   001064  EF36  F008         	goto	u21
   529   001068  EF38  F008         	goto	u20
   530   00106C                     u21:
   531   00106C  EF4D  F008         	goto	l862
   532   001070                     u20:
   533   001070  0E3C               	movlw	60
   534   001072  1801               	xorwf	main@count^0,w,c
   535   001074  1002               	iorwf	(main@count+1)^0,w,c
   536   001076  A4D8               	btfss	status,2,c
   537   001078  EF40  F008         	goto	u31
   538   00107C  EF42  F008         	goto	u30
   539   001080                     u31:
   540   001080  EF4D  F008         	goto	l862
   541   001084                     u30:
   542   001084                     
   543                           ;main.c: 50:             {;main.c: 51:                 LATD = 0x12;
   544   001084  0E12               	movlw	18
   545   001086  6E8C               	movwf	140,c	;volatile
   546                           
   547                           ;main.c: 52:                 LATB = 0x12;
   548   001088  0E12               	movlw	18
   549   00108A  6E8A               	movwf	138,c	;volatile
   550                           
   551                           ;main.c: 54:                 count = 0;
   552   00108C  6A02               	clrf	(main@count+1)^0,c
   553   00108E  0E00               	movlw	0
   554   001090  6E01               	movwf	main@count^0,c
   555                           
   556                           ;main.c: 55:                 state = 1;
   557   001092  0E01               	movlw	1
   558   001094  6E03               	movwf	main@state^0,c
   559                           
   560                           ;main.c: 56:             }
   561   001096  EF22  F008         	goto	l848
   562   00109A                     l862:
   563   00109A  0403               	decf	main@state^0,w,c
   564   00109C  A4D8               	btfss	status,2,c
   565   00109E  EF53  F008         	goto	u41
   566   0010A2  EF55  F008         	goto	u40
   567   0010A6                     u41:
   568   0010A6  EF6A  F008         	goto	l868
   569   0010AA                     u40:
   570   0010AA  0E1E               	movlw	30
   571   0010AC  1801               	xorwf	main@count^0,w,c
   572   0010AE  1002               	iorwf	(main@count+1)^0,w,c
   573   0010B0  A4D8               	btfss	status,2,c
   574   0010B2  EF5D  F008         	goto	u51
   575   0010B6  EF5F  F008         	goto	u50
   576   0010BA                     u51:
   577   0010BA  EF6A  F008         	goto	l868
   578   0010BE                     u50:
   579   0010BE                     
   580                           ;main.c: 59:             {;main.c: 60:                 LATD = 0x24;
   581   0010BE  0E24               	movlw	36
   582   0010C0  6E8C               	movwf	140,c	;volatile
   583                           
   584                           ;main.c: 61:                 LATB = 0x09;
   585   0010C2  0E09               	movlw	9
   586   0010C4  6E8A               	movwf	138,c	;volatile
   587                           
   588                           ;main.c: 63:                 count = 0;
   589   0010C6  6A02               	clrf	(main@count+1)^0,c
   590   0010C8  0E00               	movlw	0
   591   0010CA  6E01               	movwf	main@count^0,c
   592                           
   593                           ;main.c: 64:                 state = 2;
   594   0010CC  0E02               	movlw	2
   595   0010CE  6E03               	movwf	main@state^0,c
   596                           
   597                           ;main.c: 65:             }
   598   0010D0  EF22  F008         	goto	l848
   599   0010D4                     l868:
   600   0010D4  0E02               	movlw	2
   601   0010D6  1803               	xorwf	main@state^0,w,c
   602   0010D8  A4D8               	btfss	status,2,c
   603   0010DA  EF71  F008         	goto	u61
   604   0010DE  EF73  F008         	goto	u60
   605   0010E2                     u61:
   606   0010E2  EF88  F008         	goto	l874
   607   0010E6                     u60:
   608   0010E6  0E3C               	movlw	60
   609   0010E8  1801               	xorwf	main@count^0,w,c
   610   0010EA  1002               	iorwf	(main@count+1)^0,w,c
   611   0010EC  A4D8               	btfss	status,2,c
   612   0010EE  EF7B  F008         	goto	u71
   613   0010F2  EF7D  F008         	goto	u70
   614   0010F6                     u71:
   615   0010F6  EF88  F008         	goto	l874
   616   0010FA                     u70:
   617   0010FA                     
   618                           ;main.c: 69:             {;main.c: 70:                 LATD = 0x12;
   619   0010FA  0E12               	movlw	18
   620   0010FC  6E8C               	movwf	140,c	;volatile
   621                           
   622                           ;main.c: 71:                 LATB = 0x12;
   623   0010FE  0E12               	movlw	18
   624   001100  6E8A               	movwf	138,c	;volatile
   625                           
   626                           ;main.c: 73:                 count = 0;
   627   001102  6A02               	clrf	(main@count+1)^0,c
   628   001104  0E00               	movlw	0
   629   001106  6E01               	movwf	main@count^0,c
   630                           
   631                           ;main.c: 74:                 state = 3;
   632   001108  0E03               	movlw	3
   633   00110A  6E03               	movwf	main@state^0,c
   634                           
   635                           ;main.c: 75:             }
   636   00110C  EF22  F008         	goto	l848
   637   001110                     l874:
   638   001110  0E03               	movlw	3
   639   001112  1803               	xorwf	main@state^0,w,c
   640   001114  A4D8               	btfss	status,2,c
   641   001116  EF8F  F008         	goto	u81
   642   00111A  EF91  F008         	goto	u80
   643   00111E                     u81:
   644   00111E  EF22  F008         	goto	l848
   645   001122                     u80:
   646   001122  0E1E               	movlw	30
   647   001124  1801               	xorwf	main@count^0,w,c
   648   001126  1002               	iorwf	(main@count+1)^0,w,c
   649   001128  A4D8               	btfss	status,2,c
   650   00112A  EF99  F008         	goto	u91
   651   00112E  EF9B  F008         	goto	u90
   652   001132                     u91:
   653   001132  EF22  F008         	goto	l848
   654   001136                     u90:
   655   001136                     
   656                           ;main.c: 78:             {;main.c: 79:                 LATD = 0x09;
   657   001136  0E09               	movlw	9
   658   001138  6E8C               	movwf	140,c	;volatile
   659                           
   660                           ;main.c: 80:                 LATB = 0x24;
   661   00113A  0E24               	movlw	36
   662   00113C  6E8A               	movwf	138,c	;volatile
   663                           
   664                           ;main.c: 82:                 count = 0;
   665   00113E  6A02               	clrf	(main@count+1)^0,c
   666   001140  0E00               	movlw	0
   667   001142  6E01               	movwf	main@count^0,c
   668   001144                     
   669                           ;main.c: 83:                 state = 0;
   670   001144  6A03               	clrf	main@state^0,c
   671   001146  EF22  F008         	goto	l848
   672   00114A  EFFE  F07F         	goto	start
   673   00114E                     __end_of_main:
   674                           	callstack 0
   675                           
   676                           	psect	smallconst
   677   001000                     __psmallconst:
   678                           	callstack 0
   679   001000  00                 	db	0
   680   001001  00                 	db	0	; dummy byte at the end
   681   001000                     __smallconst    set	__psmallconst
   682   001000                     __mediumconst   set	__psmallconst
   683   000000                     __activetblptr  equ	0
   684                           
   685                           	psect	rparam
   686   000001                     ___rparam_used  equ	1
   687   000000                     ___param_bank   equ	0
   688   000000                     __Lparam        equ	__Lrparam
   689   000000                     __Hparam        equ	__Hrparam
   690                           
   691                           	psect	config
   692                           
   693                           ; Padding undefined space
   694   300000                     	org	3145728
   695   300000  FF                 	db	255
   696                           
   697                           ;Config register CONFIG1H @ 0x300001
   698                           ;	Oscillator Selection bits
   699                           ;	FOSC = INTIO67, Internal oscillator block
   700                           ;	4X PLL Enable
   701                           ;	PLLCFG = ON, Oscillator multiplied by 4
   702                           ;	Primary clock enable bit
   703                           ;	PRICLKEN = ON, Primary clock is always enabled
   704                           ;	Fail-Safe Clock Monitor Enable bit
   705                           ;	FCMEN = OFF, Fail-Safe Clock Monitor disabled
   706                           ;	Internal/External Oscillator Switchover bit
   707                           ;	IESO = OFF, Oscillator Switchover mode disabled
   708   300001                     	org	3145729
   709   300001  38                 	db	56
   710                           
   711                           ;Config register CONFIG2L @ 0x300002
   712                           ;	Power-up Timer Enable bit
   713                           ;	PWRTEN = ON, Power up timer enabled
   714                           ;	Brown-out Reset Enable bits
   715                           ;	BOREN = SBORDIS, Brown-out Reset enabled in hardware only (SBOREN is disabled)
   716                           ;	Brown Out Reset Voltage bits
   717                           ;	BORV = 250, VBOR set to 2.50 V nominal
   718   300002                     	org	3145730
   719   300002  0E                 	db	14
   720                           
   721                           ;Config register CONFIG2H @ 0x300003
   722                           ;	Watchdog Timer Enable bits
   723                           ;	WDTEN = OFF, Watch dog timer is always disabled. SWDTEN has no effect.
   724                           ;	Watchdog Timer Postscale Select bits
   725                           ;	WDTPS = 32768, 1:32768
   726   300003                     	org	3145731
   727   300003  3C                 	db	60
   728                           
   729                           ; Padding undefined space
   730   300004                     	org	3145732
   731   300004  FF                 	db	255
   732                           
   733                           ;Config register CONFIG3H @ 0x300005
   734                           ;	CCP2 MUX bit
   735                           ;	CCP2MX = PORTC1, CCP2 input/output is multiplexed with RC1
   736                           ;	PORTB A/D Enable bit
   737                           ;	PBADEN = ON, PORTB<5:0> pins are configured as analog input channels on Reset
   738                           ;	P3A/CCP3 Mux bit
   739                           ;	CCP3MX = PORTB5, P3A/CCP3 input/output is multiplexed with RB5
   740                           ;	HFINTOSC Fast Start-up
   741                           ;	HFOFST = ON, HFINTOSC output and ready status are not delayed by the oscillator stable
      +                           status
   742                           ;	Timer3 Clock input mux bit
   743                           ;	T3CMX = PORTC0, T3CKI is on RC0
   744                           ;	ECCP2 B output mux bit
   745                           ;	P2BMX = PORTD2, P2B is on RD2
   746                           ;	MCLR Pin Enable bit
   747                           ;	MCLRE = EXTMCLR, MCLR pin enabled, RE3 input pin disabled
   748   300005                     	org	3145733
   749   300005  BF                 	db	191
   750                           
   751                           ;Config register CONFIG4L @ 0x300006
   752                           ;	Stack Full/Underflow Reset Enable bit
   753                           ;	STVREN = ON, Stack full/underflow will cause Reset
   754                           ;	Single-Supply ICSP Enable bit
   755                           ;	LVP = ON, Single-Supply ICSP enabled if MCLRE is also 1
   756                           ;	Extended Instruction Set Enable bit
   757                           ;	XINST = OFF, Instruction set extension and Indexed Addressing mode disabled (Legacy mo
      +                          de)
   758                           ;	Background Debug
   759                           ;	DEBUG = 0x1, unprogrammed default
   760   300006                     	org	3145734
   761   300006  85                 	db	133
   762                           
   763                           ; Padding undefined space
   764   300007                     	org	3145735
   765   300007  FF                 	db	255
   766                           
   767                           ;Config register CONFIG5L @ 0x300008
   768                           ;	Code Protection Block 0
   769                           ;	CP0 = OFF, Block 0 (000800-003FFFh) not code-protected
   770                           ;	Code Protection Block 1
   771                           ;	CP1 = OFF, Block 1 (004000-007FFFh) not code-protected
   772                           ;	Code Protection Block 2
   773                           ;	CP2 = OFF, Block 2 (008000-00BFFFh) not code-protected
   774                           ;	Code Protection Block 3
   775                           ;	CP3 = OFF, Block 3 (00C000-00FFFFh) not code-protected
   776   300008                     	org	3145736
   777   300008  0F                 	db	15
   778                           
   779                           ;Config register CONFIG5H @ 0x300009
   780                           ;	Boot Block Code Protection bit
   781                           ;	CPB = OFF, Boot block (000000-0007FFh) not code-protected
   782                           ;	Data EEPROM Code Protection bit
   783                           ;	CPD = OFF, Data EEPROM not code-protected
   784   300009                     	org	3145737
   785   300009  C0                 	db	192
   786                           
   787                           ;Config register CONFIG6L @ 0x30000A
   788                           ;	Write Protection Block 0
   789                           ;	WRT0 = OFF, Block 0 (000800-003FFFh) not write-protected
   790                           ;	Write Protection Block 1
   791                           ;	WRT1 = OFF, Block 1 (004000-007FFFh) not write-protected
   792                           ;	Write Protection Block 2
   793                           ;	WRT2 = OFF, Block 2 (008000-00BFFFh) not write-protected
   794                           ;	Write Protection Block 3
   795                           ;	WRT3 = OFF, Block 3 (00C000-00FFFFh) not write-protected
   796   30000A                     	org	3145738
   797   30000A  0F                 	db	15
   798                           
   799                           ;Config register CONFIG6H @ 0x30000B
   800                           ;	Configuration Register Write Protection bit
   801                           ;	WRTC = OFF, Configuration registers (300000-3000FFh) not write-protected
   802                           ;	Boot Block Write Protection bit
   803                           ;	WRTB = OFF, Boot Block (000000-0007FFh) not write-protected
   804                           ;	Data EEPROM Write Protection bit
   805                           ;	WRTD = OFF, Data EEPROM not write-protected
   806   30000B                     	org	3145739
   807   30000B  E0                 	db	224
   808                           
   809                           ;Config register CONFIG7L @ 0x30000C
   810                           ;	Table Read Protection Block 0
   811                           ;	EBTR0 = OFF, Block 0 (000800-003FFFh) not protected from table reads executed in other
      +                           blocks
   812                           ;	Table Read Protection Block 1
   813                           ;	EBTR1 = OFF, Block 1 (004000-007FFFh) not protected from table reads executed in other
      +                           blocks
   814                           ;	Table Read Protection Block 2
   815                           ;	EBTR2 = OFF, Block 2 (008000-00BFFFh) not protected from table reads executed in other
      +                           blocks
   816                           ;	Table Read Protection Block 3
   817                           ;	EBTR3 = OFF, Block 3 (00C000-00FFFFh) not protected from table reads executed in other
      +                           blocks
   818   30000C                     	org	3145740
   819   30000C  0F                 	db	15
   820                           
   821                           ;Config register CONFIG7H @ 0x30000D
   822                           ;	Boot Block Table Read Protection bit
   823                           ;	EBTRB = OFF, Boot Block (000000-0007FFh) not protected from table reads executed in ot
      +                          her blocks
   824   30000D                     	org	3145741
   825   30000D  40                 	db	64
   826                           tosu	equ	0xFFF
   827                           tosh	equ	0xFFE
   828                           tosl	equ	0xFFD
   829                           stkptr	equ	0xFFC
   830                           pclatu	equ	0xFFB
   831                           pclath	equ	0xFFA
   832                           pcl	equ	0xFF9
   833                           tblptru	equ	0xFF8
   834                           tblptrh	equ	0xFF7
   835                           tblptrl	equ	0xFF6
   836                           tablat	equ	0xFF5
   837                           prodh	equ	0xFF4
   838                           prodl	equ	0xFF3
   839                           indf0	equ	0xFEF
   840                           postinc0	equ	0xFEE
   841                           postdec0	equ	0xFED
   842                           preinc0	equ	0xFEC
   843                           plusw0	equ	0xFEB
   844                           fsr0h	equ	0xFEA
   845                           fsr0l	equ	0xFE9
   846                           wreg	equ	0xFE8
   847                           indf1	equ	0xFE7
   848                           postinc1	equ	0xFE6
   849                           postdec1	equ	0xFE5
   850                           preinc1	equ	0xFE4
   851                           plusw1	equ	0xFE3
   852                           fsr1h	equ	0xFE2
   853                           fsr1l	equ	0xFE1
   854                           bsr	equ	0xFE0
   855                           indf2	equ	0xFDF
   856                           postinc2	equ	0xFDE
   857                           postdec2	equ	0xFDD
   858                           preinc2	equ	0xFDC
   859                           plusw2	equ	0xFDB
   860                           fsr2h	equ	0xFDA
   861                           fsr2l	equ	0xFD9
   862                           status	equ	0xFD8

Data Sizes:
    Strings     0
    Constant    0
    Data        0
    BSS         0
    Persistent  0
    Stack       0

Auto Spaces:
    Space          Size  Autos    Used
    COMRAM           95      3       3
    BANK0           160      0       0
    BANK1           256      0       0
    BANK2           256      0       0
    BANK3           256      0       0
    BANK4           256      0       0
    BANK5           256      0       0
    BANK6           256      0       0
    BANK7           256      0       0
    BANK8           256      0       0
    BANK9           256      0       0
    BANK10          256      0       0
    BANK11          256      0       0
    BANK12          256      0       0
    BANK13          256      0       0
    BANK14          256      0       0
    BANK15           56      0       0

Pointer List with Targets:

    None.

Critical Paths under _main in COMRAM

    None.

Critical Paths under _main in BANK0

    None.

Critical Paths under _main in BANK1

    None.

Critical Paths under _main in BANK2

    None.

Critical Paths under _main in BANK3

    None.

Critical Paths under _main in BANK4

    None.

Critical Paths under _main in BANK5

    None.

Critical Paths under _main in BANK6

    None.

Critical Paths under _main in BANK7

    None.

Critical Paths under _main in BANK8

    None.

Critical Paths under _main in BANK9

    None.

Critical Paths under _main in BANK10

    None.

Critical Paths under _main in BANK11

    None.

Critical Paths under _main in BANK12

    None.

Critical Paths under _main in BANK13

    None.

Critical Paths under _main in BANK14

    None.

Critical Paths under _main in BANK15

    None.

Call Graph Tables:

 ---------------------------------------------------------------------------------
 (Depth) Function   	        Calls       Base Space   Used Autos Params    Refs
 ---------------------------------------------------------------------------------
 (0) _main                                                 3     3      0     120
                                              0 COMRAM     3     3      0
 ---------------------------------------------------------------------------------
 Estimated maximum stack depth 0
 ---------------------------------------------------------------------------------

 Call Graph Graphs:

 _main (ROOT)

Address spaces:
Name               Size   Autos  Total    Usage
BITCOMRAM           95      0       0      0.0%
BITBANK0           160      0       0      0.0%
BITBANK1           256      0       0      0.0%
BITBANK2           256      0       0      0.0%
BITBANK3           256      0       0      0.0%
BITBANK4           256      0       0      0.0%
BITBANK5           256      0       0      0.0%
BITBANK6           256      0       0      0.0%
BITBANK7           256      0       0      0.0%
BITBANK8           256      0       0      0.0%
BITBANK9           256      0       0      0.0%
BITBANK10          256      0       0      0.0%
BITBANK11          256      0       0      0.0%
BITBANK12          256      0       0      0.0%
BITBANK13          256      0       0      0.0%
BITBANK14          256      0       0      0.0%
BITBANK15           56      0       0      0.0%
BITBIGSFRllh        80      0       0      0.0%
BITBIGSFRlh         74      0       0      0.0%
BITBIGSFRh          42      0       0      0.0%
BITBIGSFRlll         1      0       0      0.0%
COMRAM              95      3       3      3.2%
BANK0              160      0       0      0.0%
BANK1              256      0       0      0.0%
BANK2              256      0       0      0.0%
BANK3              256      0       0      0.0%
BANK4              256      0       0      0.0%
BANK5              256      0       0      0.0%
BANK6              256      0       0      0.0%
BANK7              256      0       0      0.0%
BANK8              256      0       0      0.0%
BANK9              256      0       0      0.0%
BANK10             256      0       0      0.0%
BANK11             256      0       0      0.0%
BANK12             256      0       0      0.0%
BANK13             256      0       0      0.0%
BANK14             256      0       0      0.0%
BANK15              56      0       0      0.0%
BIGRAM            3895      0       0      0.0%
STACK                0      0       0      0.0%
DATA                 0      0       3      0.0%


Microchip Technology PIC18 Macro Assembler V3.10 build 20250813170317 
Symbol Table                                                                                   Tue Sep 29 23:24:40 2026

                     u10 1052                       u11 104E                       u20 1070  
                     u21 106C                       u30 1084                       u31 1080  
                     u40 10AA                       u41 10A6                       u50 10BE  
                     u51 10BA                       u60 10E6                       u61 10E2  
                     u70 10FA                       u71 10F6                       u80 1122  
                     u81 111E                       u90 1136                       u91 1132  
                    l830 101A                      l840 102C                      l832 101C  
                    l824 1002                      l850 1052                      l842 102E  
                    l834 101E                      l826 1008                      l860 1084  
                    l852 1054                      l844 1040                      l836 1028  
                    l828 1016                      l870 10E6                      l862 109A  
                    l854 105C                      l846 1042                      l838 102A  
                    l880 1144                      l872 10FA                      l864 10AA  
                    l856 1060                      l848 1044                      l874 1110  
                    l866 10BE                      l858 1070                      l876 1122  
                    l868 10D4                      l878 1136                     _LATB 0F8A  
                   _LATD 0F8C                     _main 1002                     start FFFC  
           ___param_bank 0000                    ?_main 0001                    _TMR0H 0FD7  
                  _TMR0L 0FD6                    _TRISB 0F93                    _TRISD 0F95  
                  status 0FD8          __initialization 114E             __end_of_main 114E  
                 ??_main 0001            __activetblptr 0000                   _ANSELB 0F39  
                 _ANSELD 0F3B                   isa$std 0001             __mediumconst 1000  
             __accesstop 0060  __end_of__initialization 114E            ___rparam_used 0001  
         __pcstackCOMRAM 0001                  __Hparam 0000                  __Lparam 0000  
           __psmallconst 1000                  __pcinit 114E                  __ramtop 1000  
                __ptext0 1002                _T0CONbits 0FD5     end_of_initialization 114E  
    start_initialization 114E              __smallconst 1000                main@count 0001  
              main@state 0003                 __Hrparam 0000                 __Lrparam 0000  
               isa$xinst 0000               _INTCONbits 0FF2               _OSCCONbits 0FD3  
